04:09:18 **** Incremental Build of configuration Debug for project Bootloader ****
make -j16 all 
arm-none-eabi-gcc "../Core/Src/FLASH_SECTOR_F4.c" -mcpu=cortex-m4 -std=gnu11 -g3 -DDEBUG -DUSE_HAL_DRIVER -DSTM32F401xE -c -I../Core/Inc -I../Drivers/STM32F4xx_HAL_Driver/Inc -I../Drivers/STM32F4xx_HAL_Driver/Inc/Legacy -I../Drivers/CMSIS/Device/ST/STM32F4xx/Include -I../Drivers/CMSIS/Include -O0 -ffunction-sections -fdata-sections -Wall -fstack-usage -fcyclomatic-complexity -MMD -MP -MF"Core/Src/FLASH_SECTOR_F4.d" -MT"Core/Src/FLASH_SECTOR_F4.o" --specs=nano.specs -mfpu=fpv4-sp-d16 -mfloat-abi=hard -mthumb -o "Core/Src/FLASH_SECTOR_F4.o"
../Core/Src/FLASH_SECTOR_F4.c: In function 'Flash_Write_Data':
../Core/Src/FLASH_SECTOR_F4.c:182:11: warning: unused variable 'SECTORError' [-Wunused-variable]
  182 |  uint32_t SECTORError;
      |           ^~~~~~~~~~~
../Core/Src/FLASH_SECTOR_F4.c:181:32: warning: variable 'EraseInitStruct' set but not used [-Wunused-but-set-variable]
  181 |  static FLASH_EraseInitTypeDef EraseInitStruct;
      |                                ^~~~~~~~~~~~~~~
arm-none-eabi-gcc -o "Bootloader.elf" @"objects.list"   -mcpu=cortex-m4 -T"C:\Users\sande\STM32CubeIDE\Nucleo_Bootloader\Bootloader\STM32F401RETX_FLASH.ld" --specs=nosys.specs -Wl,-Map="Bootloader.map" -Wl,--gc-sections -static --specs=nano.specs -mfpu=fpv4-sp-d16 -mfloat-abi=hard -mthumb -Wl,--start-group -lc -lm -Wl,--end-group
Finished building target: Bootloader.elf
 
arm-none-eabi-size   Bootloader.elf 
arm-none-eabi-objdump -h -S  Bootloader.elf  > "Bootloader.list"
arm-none-eabi-objcopy  -O ihex  Bootloader.elf  "Bootloader.hex"
arm-none-eabi-objcopy  -O binary  Bootloader.elf  "Bootloader.bin"
   text	   data	    bss	    dec	    hex	filename
  15772	    128	   5880	  21780	   5514	Bootloader.elf
Finished building: default.size.stdout
 
Finished building: Bootloader.bin
Finished building: Bootloader.hex
 
 
Finished building: Bootloader.list
 
04:09:28 **** Incremental Build of configuration Debug for project Bootloader ****
make -j16 all 
arm-none-eabi-size   Bootloader.elf 
   text	   data	    bss	    dec	    hex	filename
  15772	    128	   5880	  21780	   5514	Bootloader.elf
Finished building: default.size.stdout
 
04:16:19 **** Incremental Build of configuration Debug for project Bootloader ****
make -j16 all 
arm-none-eabi-gcc "../Core/Src/main.c" -mcpu=cortex-m4 -std=gnu11 -g3 -DDEBUG -DUSE_HAL_DRIVER -DSTM32F401xE -c -I../Core/Inc -I../Drivers/STM32F4xx_HAL_Driver/Inc -I../Drivers/STM32F4xx_HAL_Driver/Inc/Legacy -I../Drivers/CMSIS/Device/ST/STM32F4xx/Include -I../Drivers/CMSIS/Include -O0 -ffunction-sections -fdata-sections -Wall -fstack-usage -fcyclomatic-complexity -MMD -MP -MF"Core/Src/main.d" -MT"Core/Src/main.o" --specs=nano.specs -mfpu=fpv4-sp-d16 -mfloat-abi=hard -mthumb -o "Core/Src/main.o"
../Core/Src/main.c: In function 'main':
../Core/Src/main.c:153:60: warning: passing argument 2 of 'Flash_Write_Data' from incompatible pointer type [-Wincompatible-pointer-types]
  153 |      Flash_Write_Data((uint32_t)(update_firmware_address), pdata, sizeof(pdata));
      |                                                            ^~~~~
      |                                                            |
      |                                                            char *
In file included from ../Core/Src/main.c:28:
../Core/Inc/FLASH_SECTOR_F4.h:22:67: note: expected 'uint32_t *' {aka 'long unsigned int *'} but argument is of type 'char *'
   22 | uint32_t Flash_Write_Data (uint32_t StartSectorAddress, uint32_t *Data, uint16_t numberofwords);
      |                                                         ~~~~~~~~~~^~~~
../Core/Src/main.c:126:8: warning: unused variable 'pdat' [-Wunused-variable]
  126 |   char pdat[] = "UART data received sandesh \n";
      |        ^~~~
arm-none-eabi-gcc -o "Bootloader.elf" @"objects.list"   -mcpu=cortex-m4 -T"C:\Users\sande\STM32CubeIDE\Nucleo_Bootloader\Bootloader\STM32F401RETX_FLASH.ld" --specs=nosys.specs -Wl,-Map="Bootloader.map" -Wl,--gc-sections -static --specs=nano.specs -mfpu=fpv4-sp-d16 -mfloat-abi=hard -mthumb -Wl,--start-group -lc -lm -Wl,--end-group
Finished building target: Bootloader.elf
 
arm-none-eabi-size   Bootloader.elf 
arm-none-eabi-objdump -h -S  Bootloader.elf  > "Bootloader.list"
arm-none-eabi-objcopy  -O ihex  Bootloader.elf  "Bootloader.hex"
arm-none-eabi-objcopy  -O binary  Bootloader.elf  "Bootloader.bin"
   text	   data	    bss	    dec	    hex	filename
  15772	    128	   2808	  18708	   4914	Bootloader.elf
Finished building: default.size.stdout
 
Finished building: Bootloader.hex
Finished building: Bootloader.bin
 
 
Finished building: Bootloader.list
 
